INFO:__main__:Grupos musculares faltantes: ['Brazos', 'Hombros', 'Abdomen']
INFO:__main__:Grupos musculares faltantes: ['Brazos', 'Hombros', 'Abdomen']
INFO:__main__:Grupos musculares faltantes: ['Brazos', 'Hombros', 'Abdomen']
INFO:__main__:Grupos musculares faltantes: ['Brazos', 'Hombros', 'Abdomen']
INFO:__main__:Grupos musculares faltantes: ['Brazos', 'Hombros', 'Abdomen']
INFO:__main__:Grupos musculares faltantes: ['Espalda', 'Brazos', 'Hombros', 'Abdomen']
INFO:__main__:Grupos musculares faltantes: ['Hombros', 'Abdomen']
INFO:__main__:Grupos musculares faltantes: ['Brazos', 'Hombros', 'Abdomen']
INFO:__main__:Grupos musculares faltantes: ['Brazos', 'Hombros', 'Abdomen']
INFO:__main__:Grupos musculares faltantes: ['Brazos', 'Hombros', 'Abdomen']
INFO:__main__:Grupos musculares faltantes: ['Hombros', 'Abdomen']
INFO:__main__:Ejercicios recomendados: ['Elevaciones laterales', 'Plancha abdominal', 'Press militar', 'Abdominales crunch', 'Press de hombros con mancuernas', 'Crunch invertido', 'Elevaciones frontales con mancuernas']
